<testsuites id="" name="" tests="2" failures="0" skipped="0" errors="0" time="5.135">
<testsuite name="Api/Search/test1.spec.ts" timestamp="1676556016198" hostname="" tests="1" failures="0" skipped="0" time="2.513" errors="0">
<testcase name="has title" classname="Api/Search/test1.spec.ts:3:1 › has title" time="2.513">
<system-err>
<![CDATA[  [38;5;45;1mpw:api [0m=> browserType.launch started [38;5;45m+0ms[0m
  [38;5;45;1mpw:api [0m<= browserType.launch succeeded [38;5;45m+487ms[0m
  [38;5;45;1mpw:api [0m=> browser.newContext started [38;5;45m+5ms[0m
  [38;5;45;1mpw:api [0m<= browser.newContext succeeded [38;5;45m+27ms[0m
  [38;5;45;1mpw:api [0m=> tracing.start started [38;5;45m+20ms[0m
  [38;5;45;1mpw:api [0m<= tracing.start succeeded [38;5;45m+9ms[0m
  [38;5;45;1mpw:api [0m=> browserContext.newPage started [38;5;45m+2ms[0m
  [38;5;45;1mpw:api [0m<= browserContext.newPage succeeded [38;5;45m+354ms[0m
  [38;5;45;1mpw:api [0m=> page.goto started [38;5;45m+5ms[0m
  [38;5;45;1mpw:api [0mnavigating to "https://playwright.dev/", waiting until "load" [38;5;45m+13ms[0m
  [38;5;45;1mpw:api [0m  "commit" event fired [38;5;45m+83ms[0m
  [38;5;45;1mpw:api [0m  navigated to "https://playwright.dev/" [38;5;45m+1ms[0m
  [38;5;45;1mpw:api [0m  "domcontentloaded" event fired [38;5;45m+500ms[0m
  [38;5;45;1mpw:api [0m  "load" event fired [38;5;45m+85ms[0m
  [38;5;45;1mpw:api [0m<= page.goto succeeded [38;5;45m+128ms[0m
  [38;5;45;1mpw:api [0m=> expect.toHaveTitle started [38;5;45m+25ms[0m
  [38;5;45;1mpw:api [0mexpect.toHaveTitle with timeout 60000ms [38;5;45m+66ms[0m
  [38;5;45;1mpw:api [0mwaiting for selector ":root" [38;5;45m+11ms[0m
  [38;5;45;1mpw:api [0m  selector resolved to <html lang="en" dir="ltr" data-theme="light" data-rh="…>…</html> [38;5;45m+73ms[0m
  [38;5;45;1mpw:api [0m<= expect.toHaveTitle succeeded [38;5;45m+15ms[0m
  [38;5;45;1mpw:api [0mtaking page screenshot [38;5;45m+158ms[0m
  [38;5;45;1mpw:api [0m  "networkidle" event fired [38;5;45m+267ms[0m
  [38;5;45;1mpw:api [0m=> browserContext.close started [38;5;45m+49ms[0m
  [38;5;45;1mpw:api [0m<= browserContext.close succeeded [38;5;45m+117ms[0m
]]>
</system-err>
</testcase>
</testsuite>
<testsuite name="Api/Search/test2.spec.ts" timestamp="1676556016198" hostname="" tests="1" failures="0" skipped="0" time="1.797" errors="0">
<testcase name="has title" classname="Api/Search/test2.spec.ts:3:1 › has title" time="1.797">
<system-err>
<![CDATA[  [38;5;45;1mpw:api [0m=> browser.newContext started [38;5;45m+8ms[0m
  [38;5;45;1mpw:api [0m<= browser.newContext succeeded [38;5;45m+8ms[0m
  [38;5;45;1mpw:api [0m=> tracing.start started [38;5;45m+4ms[0m
  [38;5;45;1mpw:api [0m<= tracing.start succeeded [38;5;45m+2ms[0m
  [38;5;45;1mpw:api [0m=> browserContext.newPage started [38;5;45m+1ms[0m
  [38;5;45;1mpw:api [0m<= browserContext.newPage succeeded [38;5;45m+105ms[0m
  [38;5;45;1mpw:api [0m=> page.goto started [38;5;45m+3ms[0m
  [38;5;45;1mpw:api [0mnavigating to "https://playwright.dev/", waiting until "load" [38;5;45m+16ms[0m
  [38;5;45;1mpw:api [0m  "commit" event fired [38;5;45m+62ms[0m
  [38;5;45;1mpw:api [0m  navigated to "https://playwright.dev/" [38;5;45m+0ms[0m
  [38;5;45;1mpw:api [0m  "domcontentloaded" event fired [38;5;45m+497ms[0m
  [38;5;45;1mpw:api [0m  "load" event fired [38;5;45m+127ms[0m
  [38;5;45;1mpw:api [0m<= page.goto succeeded [38;5;45m+116ms[0m
  [38;5;45;1mpw:api [0m=> expect.toHaveTitle started [38;5;45m+6ms[0m
  [38;5;45;1mpw:api [0mexpect.toHaveTitle with timeout 60000ms [38;5;45m+49ms[0m
  [38;5;45;1mpw:api [0mwaiting for selector ":root" [38;5;45m+3ms[0m
  [38;5;45;1mpw:api [0m  selector resolved to <html lang="en" dir="ltr" data-theme="light" data-rh="…>…</html> [38;5;45m+96ms[0m
  [38;5;45;1mpw:api [0m<= expect.toHaveTitle succeeded [38;5;45m+14ms[0m
  [38;5;45;1mpw:api [0mtaking page screenshot [38;5;45m+153ms[0m
  [38;5;45;1mpw:api [0m  "networkidle" event fired [38;5;45m+284ms[0m
  [38;5;45;1mpw:api [0m=> browserContext.close started [38;5;45m+92ms[0m
  [38;5;45;1mpw:api [0m<= browserContext.close succeeded [38;5;45m+155ms[0m
]]>
</system-err>
</testcase>
</testsuite>
</testsuites>